[INFO] Device: cuda
[OK] Model loaded from C:\ADL\checkpoints\dual_branch_seed42\best_checkpoint.pth
[INFO] Collecting gate weights from validation set...
Traceback (most recent call last):
  File "C:\ADL\scripts\fusion_diagnostic.py", line 685, in <module>
    main()
    ~~~~^^
  File "C:\ADL\scripts\fusion_diagnostic.py", line 262, in main
    val_data  = collect_features(model, val_loader,  device)
  File "C:\ADL\scripts\fusion_diagnostic.py", line 105, in collect_features
    logits, _, _ = model(images)
                   ~~~~~^^^^^^^^
  File "C:\Users\mithr\AppData\Roaming\Python\Python313\site-packages\torch\nn\modules\module.py", line 1751, in _wrapped_call_impl
    return self._call_impl(*args, **kwargs)
           ~~~~~~~~~~~~~~~^^^^^^^^^^^^^^^^^
  File "C:\Users\mithr\AppData\Roaming\Python\Python313\site-packages\torch\nn\modules\module.py", line 1762, in _call_impl
    return forward_call(*args, **kwargs)
  File "C:\ADL\models\dual_branch_net.py", line 102, in forward
    fused = self.fusion(texture_vec, structure_vec)
  File "C:\Users\mithr\AppData\Roaming\Python\Python313\site-packages\torch\nn\modules\module.py", line 1751, in _wrapped_call_impl
    return self._call_impl(*args, **kwargs)
           ~~~~~~~~~~~~~~~^^^^^^^^^^^^^^^^^
  File "C:\Users\mithr\AppData\Roaming\Python\Python313\site-packages\torch\nn\modules\module.py", line 1762, in _call_impl
    return forward_call(*args, **kwargs)
  File "C:\ADL\models\fusion.py", line 85, in forward
    gate_weights = self.gate(combined)                          # (B, 1280)
  File "C:\Users\mithr\AppData\Roaming\Python\Python313\site-packages\torch\nn\modules\module.py", line 1751, in _wrapped_call_impl
    return self._call_impl(*args, **kwargs)
           ~~~~~~~~~~~~~~~^^^^^^^^^^^^^^^^^
  File "C:\Users\mithr\AppData\Roaming\Python\Python313\site-packages\torch\nn\modules\module.py", line 1857, in _call_impl
    return inner()
  File "C:\Users\mithr\AppData\Roaming\Python\Python313\site-packages\torch\nn\modules\module.py", line 1818, in inner
    hook_result = hook(self, args, result)
  File "C:\ADL\scripts\fusion_diagnostic.py", line 90, in gate_hook
    gate_output_holder["gate"] = out.detach().cpu()
                                 ~~~~~~~~~~~~~~~~^^
RuntimeError: CUDA error: out of memory
CUDA kernel errors might be asynchronously reported at some other API call, so the stacktrace below might be incorrect.
For debugging consider passing CUDA_LAUNCH_BLOCKING=1
Compile with `TORCH_USE_CUDA_DSA` to enable device-side assertions.

